// Validating benchmarks:
// ***** BenchmarkRunner: Start   *****
// ***** Found 1 benchmark(s) in total *****
// ***** Building 1 exe(s) in Parallel: Start   *****
// start dotnet  restore /p:UseSharedCompilation=false /p:BuildInParallel=false /m:1 /p:Deterministic=true /p:Optimize=true /p:ArtifactsPath="C:\Users\91989\Documents\VS CODE\chessEngine\ConsoleApp1\bin\Release\net8.0\ConsoleApp1-DefaultJob-1/" /p:OutDir="C:\Users\91989\Documents\VS CODE\chessEngine\ConsoleApp1\bin\Release\net8.0\ConsoleApp1-DefaultJob-1\bin\Release\net8.0/" /p:OutputPath="C:\Users\91989\Documents\VS CODE\chessEngine\ConsoleApp1\bin\Release\net8.0\ConsoleApp1-DefaultJob-1\bin\Release\net8.0/" /p:PublishDir="C:\Users\91989\Documents\VS CODE\chessEngine\ConsoleApp1\bin\Release\net8.0\ConsoleApp1-DefaultJob-1\publish/" in C:\Users\91989\Documents\VS CODE\chessEngine\ConsoleApp1\bin\Release\net8.0\ConsoleApp1-DefaultJob-1
// command took 3.08 sec and exited with 0
// start dotnet  build -c Release --no-restore /p:UseSharedCompilation=false /p:BuildInParallel=false /m:1 /p:Deterministic=true /p:Optimize=true /p:ArtifactsPath="C:\Users\91989\Documents\VS CODE\chessEngine\ConsoleApp1\bin\Release\net8.0\ConsoleApp1-DefaultJob-1/" /p:OutDir="C:\Users\91989\Documents\VS CODE\chessEngine\ConsoleApp1\bin\Release\net8.0\ConsoleApp1-DefaultJob-1\bin\Release\net8.0/" /p:OutputPath="C:\Users\91989\Documents\VS CODE\chessEngine\ConsoleApp1\bin\Release\net8.0\ConsoleApp1-DefaultJob-1\bin\Release\net8.0/" /p:PublishDir="C:\Users\91989\Documents\VS CODE\chessEngine\ConsoleApp1\bin\Release\net8.0\ConsoleApp1-DefaultJob-1\publish/" --output "C:\Users\91989\Documents\VS CODE\chessEngine\ConsoleApp1\bin\Release\net8.0\ConsoleApp1-DefaultJob-1\bin\Release\net8.0/" in C:\Users\91989\Documents\VS CODE\chessEngine\ConsoleApp1\bin\Release\net8.0\ConsoleApp1-DefaultJob-1
// command took 7.98 sec and exited with 0
// ***** Done, took 00:00:11 (11.24 sec)   *****
// Found 1 benchmarks:
//   PerftBench.RunPerft5: DefaultJob

Setup power plan (GUID: 8c5e7fda-e8bf-4a96-9a85-a6e23a8c635c FriendlyName: High performance)
// **************************
// Benchmark: PerftBench.RunPerft5: DefaultJob
// *** Execute ***
// Launch: 1 / 1
// Execute: dotnet ConsoleApp1-DefaultJob-1.dll --anonymousPipes 1756 1884 --benchmarkName PerftBench.RunPerft5 --job Default --benchmarkId 0 in C:\Users\91989\Documents\VS CODE\chessEngine\ConsoleApp1\bin\Release\net8.0\ConsoleApp1-DefaultJob-1\bin\Release\net8.0
// BeforeAnythingElse

// Benchmark Process Environment Information:
// BenchmarkDotNet v0.15.2
// Runtime=.NET 8.0.11 (8.0.1124.51707), X64 RyuJIT AVX-512F+CD+BW+DQ+VL+VBMI
// GC=Concurrent Workstation
// HardwareIntrinsics=AVX-512F+CD+BW+DQ+VL+VBMI,AES,BMI1,BMI2,FMA,LZCNT,PCLMUL,POPCNT VectorSize=256
// Job: DefaultJob

OverheadJitting  1: 1 op, 124200.00 ns, 124.2000 us/op
WorkloadJitting  1: 1 op, 1624843700.00 ns, 1.6248 s/op

OverheadJitting  2: 1 op, 1300.00 ns, 1.3000 us/op
WorkloadJitting  2: 1 op, 1645449900.00 ns, 1.6454 s/op

OverheadWarmup   1: 1 op, 900.00 ns, 900.0000 ns/op
OverheadWarmup   2: 1 op, 700.00 ns, 700.0000 ns/op
OverheadWarmup   3: 1 op, 600.00 ns, 600.0000 ns/op
OverheadWarmup   4: 1 op, 400.00 ns, 400.0000 ns/op
OverheadWarmup   5: 1 op, 600.00 ns, 600.0000 ns/op
OverheadWarmup   6: 1 op, 600.00 ns, 600.0000 ns/op
OverheadWarmup   7: 1 op, 600.00 ns, 600.0000 ns/op
OverheadWarmup   8: 1 op, 900.00 ns, 900.0000 ns/op

// BeforeActualRun
WorkloadActual   1: 1 op, 1659433100.00 ns, 1.6594 s/op
WorkloadActual   2: 1 op, 1494744000.00 ns, 1.4947 s/op
WorkloadActual   3: 1 op, 1317620000.00 ns, 1.3176 s/op
WorkloadActual   4: 1 op, 1211520200.00 ns, 1.2115 s/op
WorkloadActual   5: 1 op, 1328591000.00 ns, 1.3286 s/op
WorkloadActual   6: 1 op, 1190940900.00 ns, 1.1909 s/op
WorkloadActual   7: 1 op, 1279820900.00 ns, 1.2798 s/op
WorkloadActual   8: 1 op, 1228292300.00 ns, 1.2283 s/op
WorkloadActual   9: 1 op, 1200916500.00 ns, 1.2009 s/op
WorkloadActual  10: 1 op, 1169642200.00 ns, 1.1696 s/op
WorkloadActual  11: 1 op, 1210291400.00 ns, 1.2103 s/op
WorkloadActual  12: 1 op, 1175478900.00 ns, 1.1755 s/op
WorkloadActual  13: 1 op, 1200136700.00 ns, 1.2001 s/op
WorkloadActual  14: 1 op, 1189694700.00 ns, 1.1897 s/op
WorkloadActual  15: 1 op, 1201467900.00 ns, 1.2015 s/op
WorkloadActual  16: 1 op, 1200527400.00 ns, 1.2005 s/op
WorkloadActual  17: 1 op, 1236686000.00 ns, 1.2367 s/op
WorkloadActual  18: 1 op, 1303214700.00 ns, 1.3032 s/op
WorkloadActual  19: 1 op, 1209100500.00 ns, 1.2091 s/op
WorkloadActual  20: 1 op, 1190838900.00 ns, 1.1908 s/op
WorkloadActual  21: 1 op, 1290507200.00 ns, 1.2905 s/op
WorkloadActual  22: 1 op, 1205397000.00 ns, 1.2054 s/op
WorkloadActual  23: 1 op, 1214005100.00 ns, 1.2140 s/op
WorkloadActual  24: 1 op, 1220828100.00 ns, 1.2208 s/op
WorkloadActual  25: 1 op, 1186091500.00 ns, 1.1861 s/op
WorkloadActual  26: 1 op, 1209394400.00 ns, 1.2094 s/op
WorkloadActual  27: 1 op, 1207212000.00 ns, 1.2072 s/op
WorkloadActual  28: 1 op, 1197416000.00 ns, 1.1974 s/op
WorkloadActual  29: 1 op, 1201604700.00 ns, 1.2016 s/op

// AfterActualRun
WorkloadResult   1: 1 op, 1211520200.00 ns, 1.2115 s/op
WorkloadResult   2: 1 op, 1190940900.00 ns, 1.1909 s/op
WorkloadResult   3: 1 op, 1279820900.00 ns, 1.2798 s/op
WorkloadResult   4: 1 op, 1228292300.00 ns, 1.2283 s/op
WorkloadResult   5: 1 op, 1200916500.00 ns, 1.2009 s/op
WorkloadResult   6: 1 op, 1169642200.00 ns, 1.1696 s/op
WorkloadResult   7: 1 op, 1210291400.00 ns, 1.2103 s/op
WorkloadResult   8: 1 op, 1175478900.00 ns, 1.1755 s/op
WorkloadResult   9: 1 op, 1200136700.00 ns, 1.2001 s/op
WorkloadResult  10: 1 op, 1189694700.00 ns, 1.1897 s/op
WorkloadResult  11: 1 op, 1201467900.00 ns, 1.2015 s/op
WorkloadResult  12: 1 op, 1200527400.00 ns, 1.2005 s/op
WorkloadResult  13: 1 op, 1236686000.00 ns, 1.2367 s/op
WorkloadResult  14: 1 op, 1209100500.00 ns, 1.2091 s/op
WorkloadResult  15: 1 op, 1190838900.00 ns, 1.1908 s/op
WorkloadResult  16: 1 op, 1290507200.00 ns, 1.2905 s/op
WorkloadResult  17: 1 op, 1205397000.00 ns, 1.2054 s/op
WorkloadResult  18: 1 op, 1214005100.00 ns, 1.2140 s/op
WorkloadResult  19: 1 op, 1220828100.00 ns, 1.2208 s/op
WorkloadResult  20: 1 op, 1186091500.00 ns, 1.1861 s/op
WorkloadResult  21: 1 op, 1209394400.00 ns, 1.2094 s/op
WorkloadResult  22: 1 op, 1207212000.00 ns, 1.2072 s/op
WorkloadResult  23: 1 op, 1197416000.00 ns, 1.1974 s/op
WorkloadResult  24: 1 op, 1201604700.00 ns, 1.2016 s/op
// GC:  11 0 0 46282272 1
// Threading:  0 0 1

// AfterAll
// Benchmark Process 7004 has exited with code 0.

Mean = 1.209 s, StdErr = 0.006 s (0.47%), N = 24, StdDev = 0.028 s
Min = 1.170 s, Q1 = 1.196 s, Median = 1.204 s, Q3 = 1.212 s, Max = 1.291 s
IQR = 0.016 s, LowerFence = 1.171 s, UpperFence = 1.237 s
ConfidenceInterval = [1.188 s; 1.231 s] (CI 99.9%), Margin = 0.021 s (1.76% of Mean)
Skewness = 1.5, Kurtosis = 5.14, MValue = 2

// ** Remained 0 (0.0%) benchmark(s) to run. Estimated finish 2025-06-25 19:59 (0h 0m from now) **
Successfully reverted power plan (GUID: 381b4222-f694-41f0-9685-ff5bb260df2e FriendlyName: Balanced)
// ***** BenchmarkRunner: Finish  *****

// * Export *
  BenchmarkDotNet.Artifacts\results\PerftBench-report.csv
  BenchmarkDotNet.Artifacts\results\PerftBench-report-github.md
  BenchmarkDotNet.Artifacts\results\PerftBench-report.html

// * Detailed results *
PerftBench.RunPerft5: DefaultJob
Runtime = .NET 8.0.11 (8.0.1124.51707), X64 RyuJIT AVX-512F+CD+BW+DQ+VL+VBMI; GC = Concurrent Workstation
Mean = 1.209 s, StdErr = 0.006 s (0.47%), N = 24, StdDev = 0.028 s
Min = 1.170 s, Q1 = 1.196 s, Median = 1.204 s, Q3 = 1.212 s, Max = 1.291 s
IQR = 0.016 s, LowerFence = 1.171 s, UpperFence = 1.237 s
ConfidenceInterval = [1.188 s; 1.231 s] (CI 99.9%), Margin = 0.021 s (1.76% of Mean)
Skewness = 1.5, Kurtosis = 5.14, MValue = 2
-------------------- Histogram --------------------
[1.165 s ; 1.189 s) | @@@
[1.189 s ; 1.214 s) | @@@@@@@@@@@@@@@@
[1.214 s ; 1.241 s) | @@@
[1.241 s ; 1.298 s) | @@
---------------------------------------------------

// * Summary *

BenchmarkDotNet v0.15.2, Windows 11 (10.0.26100.4351/24H2/2024Update/HudsonValley)
11th Gen Intel Core i5-1135G7 2.40GHz (Max: 2.42GHz), 1 CPU, 8 logical and 4 physical cores
.NET SDK 8.0.101
  [Host]     : .NET 8.0.11 (8.0.1124.51707), X64 RyuJIT AVX-512F+CD+BW+DQ+VL+VBMI [AttachedDebugger]
  DefaultJob : .NET 8.0.11 (8.0.1124.51707), X64 RyuJIT AVX-512F+CD+BW+DQ+VL+VBMI


| Method    | Mean    | Error    | StdDev   | Gen0       | Allocated |
|---------- |--------:|---------:|---------:|-----------:|----------:|
| RunPerft5 | 1.209 s | 0.0213 s | 0.0277 s | 11000.0000 |  44.14 MB |

// * Warnings *
Environment
  Summary -> Benchmark was executed with attached debugger

// * Hints *
Outliers
  PerftBench.RunPerft5: Default -> 5 outliers were removed (1.30 s..1.66 s)

// * Legends *
  Mean      : Arithmetic mean of all measurements
  Error     : Half of 99.9% confidence interval
  StdDev    : Standard deviation of all measurements
  Gen0      : GC Generation 0 collects per 1000 operations
  Allocated : Allocated memory per single operation (managed only, inclusive, 1KB = 1024B)
  1 s       : 1 Second (1 sec)

// * Diagnostic Output - MemoryDiagnoser *


// ***** BenchmarkRunner: End *****
Run time: 00:00:41 (41.32 sec), executed benchmarks: 1

Global total time: 00:00:52 (52.98 sec), executed benchmarks: 1
// * Artifacts cleanup *
Artifacts cleanup is finished
